    //anlg intf
    output          u_analog_top/xo32k_ready                                                        input            u_digital_top/u_xmw_rtc_pwr_wrap/anlg_xo32k_ready    
    output          u_digital_top/u_xmw_rtc_pwr_wrap/anlg_aon_iso                                   input            u_analog_top/aon_iso
    output          u_digital_top/u_xmw_rtc_pwr_wrap/anlg_ldo_aonio_en                              input            u_analog_top/ldo_aonio_en
    output          u_digital_top/u_xmw_rtc_pwr_wrap/anlg_ldo_rtc_aon_en                            input            u_analog_top/ldo_rtc_aon_en 
    output          u_digital_top/u_xmw_rtc_pwr_wrap/anlg_rc32k_enb                                 input            u_analog_top/rc32k_enb
    output          u_digital_top/u_xmw_rtc_pwr_wrap/anlg_rc32k_flt_sel                             input            u_analog_top/rc32k_flt_sel
    output          u_digital_top/u_xmw_rtc_pwr_wrap/anlg_rc32k_freq_trim[0]                        input            u_analog_top/rc32k_freq_trim[0]
    output          u_digital_top/u_xmw_rtc_pwr_wrap/anlg_rc32k_freq_trim[1]                        input            u_analog_top/rc32k_freq_trim[1]
    output          u_digital_top/u_xmw_rtc_pwr_wrap/anlg_rc32k_freq_trim[2]                        input            u_analog_top/rc32k_freq_trim[2]
    output          u_digital_top/u_xmw_rtc_pwr_wrap/anlg_rc32k_freq_trim[3]                        input            u_analog_top/rc32k_freq_trim[3]
    output          u_digital_top/u_xmw_rtc_pwr_wrap/anlg_rc32k_freq_trim[4]                        input            u_analog_top/rc32k_freq_trim[4]
    output          u_digital_top/u_xmw_rtc_pwr_wrap/anlg_rc32k_freq_trim[5]                        input            u_analog_top/rc32k_freq_trim[5]
    output          u_digital_top/u_xmw_rtc_pwr_wrap/anlg_rc32k_op_itrim[0]                         input            u_analog_top/rc32k_op_itrim[0] 
    output          u_digital_top/u_xmw_rtc_pwr_wrap/anlg_rc32k_op_itrim[1]                         input            u_analog_top/rc32k_op_itrim[1] 
    output          u_digital_top/u_xmw_rtc_pwr_wrap/anlg_rtc_itrim[0]                              input            u_analog_top/rtc_itrim[0]
    output          u_digital_top/u_xmw_rtc_pwr_wrap/anlg_rtc_itrim[1]                              input            u_analog_top/rtc_itrim[1]
    output          u_digital_top/u_xmw_rtc_pwr_wrap/anlg_rtc_virtual_loading0p8                    input            u_analog_top/rtc_virtual_loading0p8
    output          u_digital_top/u_xmw_rtc_pwr_wrap/anlg_rtc_virtual_loading1p8                    input            u_analog_top/rtc_virtual_loading1p8
    output          u_digital_top/u_xmw_rtc_pwr_wrap/anlg_rtc_vtrim0p8[0]                           input            u_analog_top/rtc_vtrim0p8[0]
    output          u_digital_top/u_xmw_rtc_pwr_wrap/anlg_rtc_vtrim0p8[1]                           input            u_analog_top/rtc_vtrim0p8[1]
    output          u_digital_top/u_xmw_rtc_pwr_wrap/anlg_rtc_vtrim0p8[2]                           input            u_analog_top/rtc_vtrim0p8[2]
    output          u_digital_top/u_xmw_rtc_pwr_wrap/anlg_rtc_vtrim1p8[0]                           input            u_analog_top/rtc_vtrim1p8[0]
    output          u_digital_top/u_xmw_rtc_pwr_wrap/anlg_rtc_vtrim1p8[1]                           input            u_analog_top/rtc_vtrim1p8[1]
    output          u_digital_top/u_xmw_rtc_pwr_wrap/anlg_rtc_vtrim1p8[2]                           input            u_analog_top/rtc_vtrim1p8[2]
    output          u_digital_top/u_xmw_rtc_pwr_wrap/anlg_xo32k_cap_sel[0]                          input            u_analog_top/xo32k_cap_sel[0]
    output          u_digital_top/u_xmw_rtc_pwr_wrap/anlg_xo32k_cap_sel[1]                          input            u_analog_top/xo32k_cap_sel[1]
    output          u_digital_top/u_xmw_rtc_pwr_wrap/anlg_xo32k_cap_sel[2]                          input            u_analog_top/xo32k_cap_sel[2]
    output          u_digital_top/u_xmw_rtc_pwr_wrap/anlg_xo32k_cap_sel[3]                          input            u_analog_top/xo32k_cap_sel[3]
    output          u_digital_top/u_xmw_rtc_pwr_wrap/anlg_xo32k_cap_sel[4]                          input            u_analog_top/xo32k_cap_sel[4]
    output          u_digital_top/u_xmw_rtc_pwr_wrap/anlg_xo32k_ctrl[0]                             input            u_analog_top/xo32k_ctrl[0]
    output          u_digital_top/u_xmw_rtc_pwr_wrap/anlg_xo32k_ctrl[1]                             input            u_analog_top/xo32k_ctrl[1]
    output          u_digital_top/u_xmw_rtc_pwr_wrap/anlg_xo32k_ctrl[2]                             input            u_analog_top/xo32k_ctrl[2]
    output          u_digital_top/u_xmw_rtc_pwr_wrap/anlg_xo32k_ctrl[3]                             input            u_analog_top/xo32k_ctrl[3]
    output          u_digital_top/u_xmw_rtc_pwr_wrap/anlg_xo32k_enb                                 input            u_analog_top/xo32k_enb
    output          u_digital_top/u_xmw_rtc_pwr_wrap/anlg_xo32k_short_en                            input            u_analog_top/xo32k_short_en
    output          u_analog_top/rtc_por_b                                                          input            u_digital_top/u_xmw_rtc_pwr_wrap/rtc_por_b                      
    output          u_analog_top/rtc32k_clk                                                         input            u_digital_top/u_xmw_rtc_pwr_wrap/rtc32k_clk                     
    output          u_analog_top/pb_int                                                             input            u_digital_top/u_xmw_rtc_pwr_wrap/pb_int                         
    output          u_analog_top/vbus_int                                                           input            u_digital_top/u_xmw_rtc_pwr_wrap/vbus_int                       
    output          u_analog_top/ptest_en                                                           input            u_digital_top/u_xmw_rtc_pwr_wrap/ptest_en                       
    output          u_analog_top/ldo_io_set                                                         input            u_digital_top/u_aon_sys_pwr_wrap/anlg_ldo_io_set                
    output          u_analog_top/bk_core_scp_out                                                    input            u_digital_top/u_aon_sys_pwr_wrap/anlg_bk_core_scp_out
    output          u_digital_top/u_aon_sys_pwr_wrap/anlg_aon_reg_resv                              input            u_analog_top/aon_reg_resv
    output          u_digital_top/u_aon_sys_pwr_wrap/anlg_bg_en                                     input            u_analog_top/bg_en
    output          u_digital_top/u_aon_sys_pwr_wrap/anlg_bk_core_clk_sel                           input            u_analog_top/bk_core_clk_sel
    output          u_digital_top/u_aon_sys_pwr_wrap/anlg_bk_core_comps_type                        input            u_analog_top/bk_core_comps_type
    output          u_digital_top/u_aon_sys_pwr_wrap/anlg_bk_core_eco_en                            input            u_analog_top/bk_core_eco_en
    output          u_digital_top/u_aon_sys_pwr_wrap/anlg_bk_core_en                                input            u_analog_top/bk_core_en
    output          u_digital_top/u_aon_sys_pwr_wrap/anlg_bk_core_hiz_en                            input            u_analog_top/bk_core_hiz_en
    output          u_digital_top/u_aon_sys_pwr_wrap/anlg_bk_core_mode_en                           input            u_analog_top/bk_core_mode_en
    output          u_digital_top/u_aon_sys_pwr_wrap/anlg_bk_core_mode_set                          input            u_analog_top/bk_core_mode_set
    output          u_digital_top/u_aon_sys_pwr_wrap/anlg_bk_core_ocp_adj[0]                        input            u_analog_top/bk_core_ocp_adj[0]
    output          u_digital_top/u_aon_sys_pwr_wrap/anlg_bk_core_ocp_adj[1]                        input            u_analog_top/bk_core_ocp_adj[1]
    output          u_digital_top/u_aon_sys_pwr_wrap/anlg_bk_core_ocp_en                            input            u_analog_top/bk_core_ocp_en
    output          u_digital_top/u_aon_sys_pwr_wrap/anlg_bk_core_osc_en                            input            u_analog_top/bk_core_osc_en
    output          u_digital_top/u_aon_sys_pwr_wrap/anlg_bk_core_vo_adj2[0]                        input            u_analog_top/bk_core_vo_adj2[0]
    output          u_digital_top/u_aon_sys_pwr_wrap/anlg_bk_core_vo_adj2[1]                        input            u_analog_top/bk_core_vo_adj2[1]
    output          u_digital_top/u_aon_sys_pwr_wrap/anlg_bk_core_vo_adj2[2]                        input            u_analog_top/bk_core_vo_adj2[2]
    output          u_digital_top/u_aon_sys_pwr_wrap/anlg_bk_core_vo_adj2[3]                        input            u_analog_top/bk_core_vo_adj2[3]
    output          u_digital_top/u_aon_sys_pwr_wrap/anlg_bk_core_vo_adj2[4]                        input            u_analog_top/bk_core_vo_adj2[4]
    output          u_digital_top/u_aon_sys_pwr_wrap/anlg_bk_core_vo_adj2[5]                        input            u_analog_top/bk_core_vo_adj2[5]
    output          u_digital_top/u_aon_sys_pwr_wrap/anlg_bk_core_zcd_en                            input            u_analog_top/bk_core_zcd_en
    output          u_digital_top/u_aon_sys_pwr_wrap/anlg_bk_gen_eco_en                             input            u_analog_top/bk_gen_eco_en
    output          u_digital_top/u_aon_sys_pwr_wrap/anlg_bk_gen_en                                 input            u_analog_top/bk_gen_en
    output          u_digital_top/u_aon_sys_pwr_wrap/anlg_bk_gen_mode_en                            input            u_analog_top/bk_gen_mode_en
    output          u_digital_top/u_aon_sys_pwr_wrap/anlg_bk_gen_mode_set                           input            u_analog_top/bk_gen_mode_set
    output          u_digital_top/u_aon_sys_pwr_wrap/anlg_bk_gen_ocp_en                             input            u_analog_top/bk_gen_ocp_en
    output          u_digital_top/u_aon_sys_pwr_wrap/anlg_bk_gen_osc_en                             input            u_analog_top/bk_gen_osc_en
    output          u_digital_top/u_aon_sys_pwr_wrap/anlg_bk_gen_vo_adj2[0]                         input            u_analog_top/bk_gen_vo_adj2[0]
    output          u_digital_top/u_aon_sys_pwr_wrap/anlg_bk_gen_vo_adj2[1]                         input            u_analog_top/bk_gen_vo_adj2[1]
    output          u_digital_top/u_aon_sys_pwr_wrap/anlg_bk_gen_vo_adj2[2]                         input            u_analog_top/bk_gen_vo_adj2[2]
    output          u_digital_top/u_aon_sys_pwr_wrap/anlg_bk_gen_vo_adj2[3]                         input            u_analog_top/bk_gen_vo_adj2[3]
    output          u_digital_top/u_aon_sys_pwr_wrap/anlg_bk_gen_vo_adj2[4]                         input            u_analog_top/bk_gen_vo_adj2[4]
    output          u_digital_top/u_aon_sys_pwr_wrap/anlg_bk_gen_vo_adj2[5]                         input            u_analog_top/bk_gen_vo_adj2[5]
    output          u_digital_top/u_aon_sys_pwr_wrap/anlg_core_iso                                  input            u_analog_top/core_iso
    output          u_digital_top/u_aon_sys_pwr_wrap/anlg_ldo_ana_en                                input            u_analog_top/ldo_ana_en
    output          u_digital_top/u_aon_sys_pwr_wrap/anlg_ldo_ana_vref[0]                           input            u_analog_top/ldo_ana_vref[0]
    output          u_digital_top/u_aon_sys_pwr_wrap/anlg_ldo_ana_vref[1]                           input            u_analog_top/ldo_ana_vref[1]
    output          u_digital_top/u_aon_sys_pwr_wrap/anlg_ldo_ana_vref[2]                           input            u_analog_top/ldo_ana_vref[2]
    output          u_digital_top/u_aon_sys_pwr_wrap/anlg_ldo_ana_vref[3]                           input            u_analog_top/ldo_ana_vref[3]
    output          u_digital_top/u_aon_sys_pwr_wrap/anlg_ldo_ana_vref[4]                           input            u_analog_top/ldo_ana_vref[4]
    output          u_digital_top/u_aon_sys_pwr_wrap/anlg_ldo_dcxo_en                               input            u_analog_top/ldo_dcxo_en
    output          u_digital_top/u_aon_sys_pwr_wrap/anlg_ldo_dcxo_trim[0]                          input            u_analog_top/ldo_dcxo_trim[0]
    output          u_digital_top/u_aon_sys_pwr_wrap/anlg_ldo_dcxo_trim[1]                          input            u_analog_top/ldo_dcxo_trim[1]
    output          u_digital_top/u_aon_sys_pwr_wrap/anlg_ldo_dcxo_trim[2]                          input            u_analog_top/ldo_dcxo_trim[2]
    output          u_digital_top/u_aon_sys_pwr_wrap/anlg_ldo_dcxo_trim[3]                          input            u_analog_top/ldo_dcxo_trim[3]
    output          u_digital_top/u_aon_sys_pwr_wrap/anlg_ldo_dcxo_trim[4]                          input            u_analog_top/ldo_dcxo_trim[4]
    output          u_digital_top/u_aon_sys_pwr_wrap/anlg_ldo_io_en                                 input            u_analog_top/ldo_io_en
    output          u_digital_top/u_aon_sys_pwr_wrap/anlg_ldo_io_ocp_en                             input            u_analog_top/ldo_io_ocp_en
    output          u_digital_top/u_aon_sys_pwr_wrap/anlg_ldo_io_softstart_en                       input            u_analog_top/ldo_io_softstart_en
    output          u_digital_top/u_aon_sys_pwr_wrap/anlg_ldo_io_vref[0]                            input            u_analog_top/ldo_io_vref[0]
    output          u_digital_top/u_aon_sys_pwr_wrap/anlg_ldo_io_vref[1]                            input            u_analog_top/ldo_io_vref[1]
    output          u_digital_top/u_aon_sys_pwr_wrap/anlg_ldo_io_vref[2]                            input            u_analog_top/ldo_io_vref[2]
    output          u_digital_top/u_aon_sys_pwr_wrap/anlg_ldo_io_vref[3]                            input            u_analog_top/ldo_io_vref[3]
    output          u_digital_top/u_aon_sys_pwr_wrap/anlg_ldo_io_vref[4]                            input            u_analog_top/ldo_io_vref[4]
    output          u_digital_top/u_aon_sys_pwr_wrap/anlg_ldo_rtn_en                                input            u_analog_top/ldo_rtn_en           
    output          u_digital_top/u_aon_sys_pwr_wrap/anlg_ldo_rtn_vout_sel[0]                       input            u_analog_top/ldo_rtn_vout_sel[0]
    output          u_digital_top/u_aon_sys_pwr_wrap/anlg_ldo_rtn_vout_sel[1]                       input            u_analog_top/ldo_rtn_vout_sel[1]
    output          u_digital_top/u_aon_sys_pwr_wrap/anlg_ldo_rtn_vout_sel[2]                       input            u_analog_top/ldo_rtn_vout_sel[2]
    output          u_digital_top/u_aon_sys_pwr_wrap/anlg_ldo_rtn_vout_sel[3]                       input            u_analog_top/ldo_rtn_vout_sel[3]
    output          u_analog_top/rstn_int                                                           input            u_digital_top/u_aon_sys_pwr_wrap/rstn_int                                       
    //aon & rtc                                                                                         
    output          u_digital_top/u_xmw_rtc_pwr_wrap/ptest_en_aon                                   input            u_digital_top/u_aon_sys_pwr_wrap/ptest_en_aon
    output          u_digital_top/u_xmw_rtc_pwr_wrap/clk_rtc32k_aon                                 input            u_digital_top/u_aon_sys_pwr_wrap/clk_rtc32k_aon
    output          u_digital_top/u_xmw_rtc_pwr_wrap/rst_aon_por_n                                  input            u_digital_top/u_aon_sys_pwr_wrap/rst_aon_por_n
    output          u_digital_top/u_xmw_rtc_pwr_wrap/rtc_prescale_1ms                               input            u_digital_top/u_aon_sys_pwr_wrap/rtc_prescale_1ms
    output          u_digital_top/u_aon_sys_pwr_wrap/rtc_prescale_1ms_busy                          input            u_digital_top/u_xmw_rtc_pwr_wrap/rtc_prescale_1ms_busy
    output          u_digital_top/u_aon_sys_pwr_wrap/aon_deep_sleep_req                             input            u_digital_top/u_xmw_rtc_pwr_wrap/aon_deep_sleep_req                             
    output          u_digital_top/u_xmw_rtc_pwr_wrap/aon_deep_sleep_hold_exter                      input            u_digital_top/u_aon_sys_pwr_wrap/aon_deep_sleep_hold_exter
    output          u_digital_top/u_aon_sys_pwr_wrap/top_iso_en                                     input            u_digital_top/u_xmw_rtc_pwr_wrap/top_iso_en                                     
    output          u_digital_top/u_aon_sys_pwr_wrap/alarm_irq                                      input            u_digital_top/u_xmw_rtc_pwr_wrap/alarm_irq                                
    output          u_digital_top/u_aon_sys_pwr_wrap/rc32k_cali_irq                                 input            u_digital_top/u_xmw_rtc_pwr_wrap/rc32k_cali_irq
    output          u_digital_top/u_aon_sys_pwr_wrap/rc32k_cali_done                                input            u_digital_top/u_xmw_rtc_pwr_wrap/rc32k_cali_done
    output          u_digital_top/u_xmw_rtc_pwr_wrap/rc32k_cali_trig                                input            u_digital_top/u_aon_sys_pwr_wrap/rc32k_cali_trig
    output          u_digital_top/u_xmw_rtc_pwr_wrap/aon_root_clk_en                                input            u_digital_top/u_aon_sys_pwr_wrap/aon_root_clk_en
    output          u_digital_top/u_xmw_rtc_pwr_wrap/rtc2aon_wak_pbint                              input            u_digital_top/u_aon_sys_pwr_wrap/rtc2aon_wak_pbint
    output          u_digital_top/u_xmw_rtc_pwr_wrap/rtc2aon_wak_vbus                               input            u_digital_top/u_aon_sys_pwr_wrap/rtc2aon_wak_vbus
    output          u_digital_top/u_xmw_rtc_pwr_wrap/rtc2aon_wak_pwr                                input            u_digital_top/u_aon_sys_pwr_wrap/rtc2aon_wak_pwr
    output          u_digital_top/u_xmw_rtc_pwr_wrap/rtc2aon_wak_rstkey_deassert                    input            u_digital_top/u_aon_sys_pwr_wrap/rtc2aon_wak_rstkey_deassert
    output          u_digital_top/u_aon_sys_pwr_wrap/rstn_int_dbnc                                  input            u_digital_top/u_xmw_rtc_pwr_wrap/rstn_int_dbnc                                
    output          u_digital_top/u_xmw_rtc_pwr_wrap/clk_rstkey_dbnc                                input            u_digital_top/u_aon_sys_pwr_wrap/clk_rstkey_dbnc
    output          u_digital_top/u_xmw_rtc_pwr_wrap/rst_rstkey_dbnc_n                              input            u_digital_top/u_aon_sys_pwr_wrap/rst_rstkey_dbnc_n
    output          u_digital_top/u_xmw_rtc_pwr_wrap/rstkey_dbnc_start                              input            u_digital_top/u_aon_sys_pwr_wrap/rstkey_dbnc_start
    output          u_digital_top/u_xmw_rtc_pwr_wrap/rstkey_dbnc_int_en                             input            u_digital_top/u_aon_sys_pwr_wrap/rstkey_dbnc_int_en
    output          u_digital_top/u_xmw_rtc_pwr_wrap/rstkey_dbnc_int_clr                            input            u_digital_top/u_aon_sys_pwr_wrap/rstkey_dbnc_int_clr
    output          u_digital_top/u_xmw_rtc_pwr_wrap/rstkey_op_aon[0]                               input            u_digital_top/u_aon_sys_pwr_wrap/rstkey_op_aon[0]
    output          u_digital_top/u_xmw_rtc_pwr_wrap/rstkey_op_aon[1]                               input            u_digital_top/u_aon_sys_pwr_wrap/rstkey_op_aon[1]
    output          u_digital_top/u_xmw_rtc_pwr_wrap/rst_key_n_aon                                  input            u_digital_top/u_aon_sys_pwr_wrap/rst_key_n_aon
    output          u_digital_top/u_xmw_rtc_pwr_wrap/rstkey_mask                                    input            u_digital_top/u_aon_sys_pwr_wrap/rstkey_mask
    output          u_digital_top/u_xmw_rtc_pwr_wrap/rstkey_root_clk_en_aon                         input            u_digital_top/u_aon_sys_pwr_wrap/rstkey_root_clk_en_aon
    output          u_digital_top/u_xmw_rtc_pwr_wrap/rstkey_iso_en_aon                              input            u_digital_top/u_aon_sys_pwr_wrap/rstkey_iso_en_aon
    output          u_digital_top/u_xmw_rtc_pwr_wrap/force_turnoff_aon                              input            u_digital_top/u_aon_sys_pwr_wrap/force_turnoff_aon
    output          u_digital_top/u_xmw_rtc_pwr_wrap/intc_src_mask_aon                              input            u_digital_top/u_aon_sys_pwr_wrap/intc_src_mask_aon
    output          u_digital_top/u_aon_sys_pwr_wrap/aon2rtc_dummy[0]                               input            u_digital_top/u_xmw_rtc_pwr_wrap/aon2rtc_dummy[0]                                  
    output          u_digital_top/u_aon_sys_pwr_wrap/aon2rtc_dummy[1]                               input            u_digital_top/u_xmw_rtc_pwr_wrap/aon2rtc_dummy[1]                                  
    output          u_digital_top/u_aon_sys_pwr_wrap/aon2rtc_dummy[2]                               input            u_digital_top/u_xmw_rtc_pwr_wrap/aon2rtc_dummy[2]                                  
    output          u_digital_top/u_aon_sys_pwr_wrap/aon2rtc_dummy[3]                               input            u_digital_top/u_xmw_rtc_pwr_wrap/aon2rtc_dummy[3]                                  
    output          u_digital_top/u_xmw_rtc_pwr_wrap/rtc2aon_dummy[0]                               input            u_digital_top/u_aon_sys_pwr_wrap/rtc2aon_dummy[0]
    output          u_digital_top/u_xmw_rtc_pwr_wrap/rtc2aon_dummy[1]                               input            u_digital_top/u_aon_sys_pwr_wrap/rtc2aon_dummy[1]
    output          u_digital_top/u_xmw_rtc_pwr_wrap/rtc2aon_dummy[2]                               input            u_digital_top/u_aon_sys_pwr_wrap/rtc2aon_dummy[2]
    output          u_digital_top/u_xmw_rtc_pwr_wrap/rtc2aon_dummy[3]                               input            u_digital_top/u_aon_sys_pwr_wrap/rtc2aon_dummy[3]
